2026-06-27 20:59:33: ▲ Next.js 16.2.9
2026-06-27 20:59:33: - Local:         http://localhost:4000
2026-06-27 20:59:33: - Network:       http://5.189.191.35:4000
2026-06-27 20:59:33: ✓ Ready in 127ms
2026-06-27 21:33:58: ▲ Next.js 16.2.9
2026-06-27 21:33:58: - Local:         http://localhost:4000
2026-06-27 21:33:58: - Network:       http://5.189.191.35:4000
2026-06-27 21:33:58: ✓ Ready in 155ms
2026-06-27 22:23:58: ▲ Next.js 16.2.9
2026-06-27 22:23:58: - Local:         http://localhost:4000
2026-06-27 22:23:58: - Network:       http://5.189.191.35:4000
2026-06-27 22:23:58: ✓ Ready in 160ms
2026-06-27 22:24:04: ▲ Next.js 16.2.9
2026-06-27 22:24:04: - Local:         http://localhost:4000
2026-06-27 22:24:04: - Network:       http://5.189.191.35:4000
2026-06-27 22:24:04: ✓ Ready in 119ms
2026-06-27 22:34:47: ▲ Next.js 16.2.9
2026-06-27 22:34:47: - Local:         http://localhost:4000
2026-06-27 22:34:47: - Network:       http://5.189.191.35:4000
2026-06-27 22:34:47: ✓ Ready in 122ms
2026-06-27 22:55:05: ▲ Next.js 16.2.9
2026-06-27 22:55:05: - Local:         http://localhost:4000
2026-06-27 22:55:05: - Network:       http://5.189.191.35:4000
2026-06-27 22:55:05: ✓ Ready in 143ms
2026-06-27 23:16:06: ▲ Next.js 16.2.9
2026-06-27 23:16:06: - Local:         http://localhost:4000
2026-06-27 23:16:06: - Network:       http://5.189.191.35:4000
2026-06-27 23:16:06: ✓ Ready in 118ms
2026-06-28 00:03:08: prisma:error 
2026-06-28 00:03:08: Invalid `prisma.campusSetting.findMany()` invocation:
2026-06-28 00:03:08: 
2026-06-28 00:03:08: 
2026-06-28 00:03:08: The column `campus_settings.busRoutePdf` does not exist in the current database.
2026-06-28 00:03:34: prisma:error 
2026-06-28 00:03:34: Invalid `prisma.campusSetting.findMany()` invocation:
2026-06-28 00:03:34: 
2026-06-28 00:03:34: 
2026-06-28 00:03:34: The column `campus_settings.busRoutePdf` does not exist in the current database.
2026-06-28 00:03:46: prisma:error 
2026-06-28 00:03:46: Invalid `prisma.campusSetting.findMany()` invocation:
2026-06-28 00:03:46: 
2026-06-28 00:03:46: 
2026-06-28 00:03:46: The column `campus_settings.busRoutePdf` does not exist in the current database.
2026-06-28 00:04:16: prisma:error 
2026-06-28 00:04:16: Invalid `prisma.campusSetting.findMany()` invocation:
2026-06-28 00:04:16: 
2026-06-28 00:04:16: 
2026-06-28 00:04:16: The column `campus_settings.busRoutePdf` does not exist in the current database.
2026-06-28 00:04:24: prisma:error 
2026-06-28 00:04:24: Invalid `prisma.campusSetting.findMany()` invocation:
2026-06-28 00:04:24: 
2026-06-28 00:04:24: 
2026-06-28 00:04:24: The column `campus_settings.busRoutePdf` does not exist in the current database.
2026-06-28 00:18:32: ▲ Next.js 16.2.9
2026-06-28 00:18:32: - Local:         http://localhost:4000
2026-06-28 00:18:32: - Network:       http://5.189.191.35:4000
2026-06-28 00:18:32: ✓ Ready in 153ms
2026-06-28 00:21:51: ▲ Next.js 16.2.9
2026-06-28 00:21:51: - Local:         http://localhost:4000
2026-06-28 00:21:51: - Network:       http://5.189.191.35:4000
2026-06-28 00:21:51: ✓ Ready in 138ms
2026-06-28 02:12:28: ▲ Next.js 16.2.9
2026-06-28 02:12:28: - Local:         http://localhost:4000
2026-06-28 02:12:28: - Network:       http://5.189.191.35:4000
2026-06-28 02:12:28: ✓ Ready in 184ms
